============================= test session starts =============================
platform win32 -- Python 3.13.5, pytest-9.0.2, pluggy-1.6.0
rootdir: D:\개인\ai ax\pro
plugins: anyio-4.9.0, langsmith-0.5.1
collected 0 items / 1 error

=================================== ERRORS ====================================
________________ ERROR collecting tests/test_interrupt_unit.py ________________
tests\test_interrupt_unit.py:4: in <module>
    from graph.workflow import query_or_interrupt
graph\workflow.py:118: in <module>
    @handle_node_error
     ^^^^^^^^^^^^^^^^^
E   NameError: name 'handle_node_error' is not defined
=========================== short test summary info ===========================
ERROR tests/test_interrupt_unit.py - NameError: name 'handle_node_error' is n...
!!!!!!!!!!!!!!!!!!! Interrupted: 1 error during collection !!!!!!!!!!!!!!!!!!!!
============================== 1 error in 1.50s ===============================
